2018-10-12 14:43:06.648 6073-9264/? E/ActivityThread: Failed to find provider info for com.google.android.apps.gsa.testing.ui.audio.recorded
2018-10-12 14:43:10.621 1839-1857/? E/KernelCpuSpeedReader: Failed to read cpu-freq: /sys/devices/system/cpu/cpu0/cpufreq/stats/time_in_state (No such file or directory)
2018-10-12 14:43:13.363 1839-1955/? E/TaskPersister: File error accessing recents directory (directory doesn't exist?).
2018-10-12 14:43:24.991 1705-1729/? E/storaged: getDiskStats failed with result NOT_SUPPORTED and size 0
2018-10-12 14:44:24.993 1705-1729/? E/storaged: getDiskStats failed with result NOT_SUPPORTED and size 0
2018-10-12 14:44:25.717 1839-1955/? E/TaskPersister: File error accessing recents directory (directory doesn't exist?).
2018-10-12 14:45:24.995 1705-1729/? E/storaged: getDiskStats failed with result NOT_SUPPORTED and size 0
2018-10-12 14:46:24.996 1705-1729/? E/storaged: getDiskStats failed with result NOT_SUPPORTED and size 0
2018-10-12 14:47:24.998 1705-1729/? E/storaged: getDiskStats failed with result NOT_SUPPORTED and size 0
2018-10-12 14:48:25.000 1705-1729/? E/storaged: getDiskStats failed with result NOT_SUPPORTED and size 0
2018-10-12 14:49:25.002 1705-1729/? E/storaged: getDiskStats failed with result NOT_SUPPORTED and size 0
2018-10-12 14:50:25.005 1705-1729/? E/storaged: getDiskStats failed with result NOT_SUPPORTED and size 0
2018-10-12 14:51:25.008 1705-1729/? E/storaged: getDiskStats failed with result NOT_SUPPORTED and size 0
2018-10-12 14:52:25.012 1705-1729/? E/storaged: getDiskStats failed with result NOT_SUPPORTED and size 0
2018-10-12 14:53:25.017 1705-1729/? E/storaged: getDiskStats failed with result NOT_SUPPORTED and size 0
2018-10-12 14:54:25.017 1705-1729/? E/storaged: getDiskStats failed with result NOT_SUPPORTED and size 0
2018-10-12 14:55:25.020 1705-1729/? E/storaged: getDiskStats failed with result NOT_SUPPORTED and size 0
2018-10-12 14:56:25.021 1705-1729/? E/storaged: getDiskStats failed with result NOT_SUPPORTED and size 0
2018-10-12 14:57:25.024 1705-1729/? E/storaged: getDiskStats failed with result NOT_SUPPORTED and size 0
2018-10-12 14:58:25.025 1705-1729/? E/storaged: getDiskStats failed with result NOT_SUPPORTED and size 0
2018-10-12 14:59:25.029 1705-1729/? E/storaged: getDiskStats failed with result NOT_SUPPORTED and size 0
2018-10-12 15:00:25.032 1705-1729/? E/storaged: getDiskStats failed with result NOT_SUPPORTED and size 0
2018-10-12 15:01:25.033 1705-1729/? E/storaged: getDiskStats failed with result NOT_SUPPORTED and size 0
2018-10-12 15:02:25.038 1705-1729/? E/storaged: getDiskStats failed with result NOT_SUPPORTED and size 0
2018-10-12 15:03:25.039 1705-1729/? E/storaged: getDiskStats failed with result NOT_SUPPORTED and size 0
2018-10-12 15:04:25.042 1705-1729/? E/storaged: getDiskStats failed with result NOT_SUPPORTED and size 0
2018-10-12 15:05:25.044 1705-1729/? E/storaged: getDiskStats failed with result NOT_SUPPORTED and size 0
2018-10-12 15:06:25.046 1705-1729/? E/storaged: getDiskStats failed with result NOT_SUPPORTED and size 0
2018-10-12 15:07:25.046 1705-1729/? E/storaged: getDiskStats failed with result NOT_SUPPORTED and size 0
2018-10-12 15:08:25.048 1705-1729/? E/storaged: getDiskStats failed with result NOT_SUPPORTED and size 0
2018-10-12 15:09:25.049 1705-1729/? E/storaged: getDiskStats failed with result NOT_SUPPORTED and size 0
2018-10-12 15:10:25.052 1705-1729/? E/storaged: getDiskStats failed with result NOT_SUPPORTED and size 0
2018-10-12 15:11:25.055 1705-1729/? E/storaged: getDiskStats failed with result NOT_SUPPORTED and size 0
2018-10-12 15:12:25.057 1705-1729/? E/storaged: getDiskStats failed with result NOT_SUPPORTED and size 0
2018-10-12 15:13:10.598 1839-1857/? E/KernelCpuSpeedReader: Failed to read cpu-freq: /sys/devices/system/cpu/cpu0/cpufreq/stats/time_in_state (No such file or directory)
2018-10-12 15:13:25.059 1705-1729/? E/storaged: getDiskStats failed with result NOT_SUPPORTED and size 0
2018-10-12 15:14:25.291 1705-1729/? E/storaged: getDiskStats failed with result NOT_SUPPORTED and size 0
2018-10-12 15:15:25.292 1705-1729/? E/storaged: getDiskStats failed with result NOT_SUPPORTED and size 0
2018-10-12 15:16:25.294 1705-1729/? E/storaged: getDiskStats failed with result NOT_SUPPORTED and size 0
2018-10-12 15:17:25.295 1705-1729/? E/storaged: getDiskStats failed with result NOT_SUPPORTED and size 0
2018-10-12 15:18:25.297 1705-1729/? E/storaged: getDiskStats failed with result NOT_SUPPORTED and size 0
2018-10-12 15:19:25.299 1705-1729/? E/storaged: getDiskStats failed with result NOT_SUPPORTED and size 0
2018-10-12 15:20:25.301 1705-1729/? E/storaged: getDiskStats failed with result NOT_SUPPORTED and size 0
2018-10-12 15:21:25.303 1705-1729/? E/storaged: getDiskStats failed with result NOT_SUPPORTED and size 0
2018-10-12 15:22:25.306 1705-1729/? E/storaged: getDiskStats failed with result NOT_SUPPORTED and size 0
2018-10-12 15:23:25.307 1705-1729/? E/storaged: getDiskStats failed with result NOT_SUPPORTED and size 0
2018-10-12 15:24:25.308 1705-1729/? E/storaged: getDiskStats failed with result NOT_SUPPORTED and size 0
2018-10-12 15:25:25.309 1705-1729/? E/storaged: getDiskStats failed with result NOT_SUPPORTED and size 0
2018-10-12 15:25:38.552 6073-10339/? E/ActivityThread: Failed to find provider info for com.google.android.apps.gsa.testing.ui.audio.recorded
2018-10-12 15:25:41.273 1839-1955/? E/TaskPersister: File error accessing recents directory (directory doesn't exist?).
2018-10-12 15:25:43.597 6073-10339/? E/ActivityThread: Failed to find provider info for com.google.android.apps.gsa.testing.ui.audio.recorded
2018-10-12 15:26:23.831 6073-10339/? E/ActivityThread: Failed to find provider info for com.google.android.apps.gsa.testing.ui.audio.recorded
2018-10-12 15:26:25.310 1705-1729/? E/storaged: getDiskStats failed with result NOT_SUPPORTED and size 0
2018-10-12 15:26:28.869 6073-10339/? E/ActivityThread: Failed to find provider info for com.google.android.apps.gsa.testing.ui.audio.recorded
2018-10-12 15:26:59.060 6073-10339/? E/ActivityThread: Failed to find provider info for com.google.android.apps.gsa.testing.ui.audio.recorded
2018-10-12 15:27:04.094 6073-10339/? E/ActivityThread: Failed to find provider info for com.google.android.apps.gsa.testing.ui.audio.recorded
2018-10-12 15:27:24.239 6073-10339/? E/ActivityThread: Failed to find provider info for com.google.android.apps.gsa.testing.ui.audio.recorded
2018-10-12 15:27:25.313 1705-1729/? E/storaged: getDiskStats failed with result NOT_SUPPORTED and size 0
2018-10-12 15:27:29.270 6073-10339/? E/ActivityThread: Failed to find provider info for com.google.android.apps.gsa.testing.ui.audio.recorded
2018-10-12 15:28:24.607 6073-10339/? E/ActivityThread: Failed to find provider info for com.google.android.apps.gsa.testing.ui.audio.recorded
2018-10-12 15:28:25.314 1705-1729/? E/storaged: getDiskStats failed with result NOT_SUPPORTED and size 0
2018-10-12 15:28:29.634 6073-10339/? E/ActivityThread: Failed to find provider info for com.google.android.apps.gsa.testing.ui.audio.recorded
2018-10-12 15:29:24.988 6073-10339/? E/ActivityThread: Failed to find provider info for com.google.android.apps.gsa.testing.ui.audio.recorded
2018-10-12 15:29:25.316 1705-1729/? E/storaged: getDiskStats failed with result NOT_SUPPORTED and size 0
2018-10-12 15:29:30.022 6073-10339/? E/ActivityThread: Failed to find provider info for com.google.android.apps.gsa.testing.ui.audio.recorded
2018-10-12 15:30:20.341 6073-10339/? E/ActivityThread: Failed to find provider info for com.google.android.apps.gsa.testing.ui.audio.recorded
2018-10-12 15:30:25.317 1705-1729/? E/storaged: getDiskStats failed with result NOT_SUPPORTED and size 0
2018-10-12 15:30:25.368 6073-10339/? E/ActivityThread: Failed to find provider info for com.google.android.apps.gsa.testing.ui.audio.recorded
2018-10-12 15:31:20.742 6073-10339/? E/ActivityThread: Failed to find provider info for com.google.android.apps.gsa.testing.ui.audio.recorded
2018-10-12 15:31:25.321 1705-1729/? E/storaged: getDiskStats failed with result NOT_SUPPORTED and size 0
2018-10-12 15:31:25.773 6073-10339/? E/ActivityThread: Failed to find provider info for com.google.android.apps.gsa.testing.ui.audio.recorded
2018-10-12 15:31:30.801 6073-10339/? E/ActivityThread: Failed to find provider info for com.google.android.apps.gsa.testing.ui.audio.recorded
2018-10-12 15:31:50.930 6073-10339/? E/ActivityThread: Failed to find provider info for com.google.android.apps.gsa.testing.ui.audio.recorded
2018-10-12 15:31:58.898 1839-1955/? E/TaskPersister: File error accessing recents directory (directory doesn't exist?).
2018-10-12 15:31:59.971 10816-10816/? E/AndroidRuntime: FATAL EXCEPTION: main
    Process: com.divyateja.waviour, PID: 10816
    java.lang.RuntimeException: Unable to instantiate activity ComponentInfo{com.divyateja.waviour/com.divyateja.waviour.Activity2}: java.lang.ClassCastException: com.divyateja.waviour.Activity2 cannot be cast to android.app.Activity
        at android.app.ActivityThread.performLaunchActivity(ActivityThread.java:2843)
        at android.app.ActivityThread.handleLaunchActivity(ActivityThread.java:3048)
        at android.app.servertransaction.LaunchActivityItem.execute(LaunchActivityItem.java:78)
        at android.app.servertransaction.TransactionExecutor.executeCallbacks(TransactionExecutor.java:108)
        at android.app.servertransaction.TransactionExecutor.execute(TransactionExecutor.java:68)
        at android.app.ActivityThread$H.handleMessage(ActivityThread.java:1808)
        at android.os.Handler.dispatchMessage(Handler.java:106)
        at android.os.Looper.loop(Looper.java:193)
        at android.app.ActivityThread.main(ActivityThread.java:6669)
        at java.lang.reflect.Method.invoke(Native Method)
        at com.android.internal.os.RuntimeInit$MethodAndArgsCaller.run(RuntimeInit.java:493)
        at com.android.internal.os.ZygoteInit.main(ZygoteInit.java:858)
     Caused by: java.lang.ClassCastException: com.divyateja.waviour.Activity2 cannot be cast to android.app.Activity
        at android.app.AppComponentFactory.instantiateActivity(AppComponentFactory.java:69)
        at android.support.v4.app.CoreComponentFactory.instantiateActivity(CoreComponentFactory.java:43)
        at android.app.Instrumentation.newActivity(Instrumentation.java:1215)
        at android.app.ActivityThread.performLaunchActivity(ActivityThread.java:2831)
        at android.app.ActivityThread.handleLaunchActivity(ActivityThread.java:3048) 
        at android.app.servertransaction.LaunchActivityItem.execute(LaunchActivityItem.java:78) 
        at android.app.servertransaction.TransactionExecutor.executeCallbacks(TransactionExecutor.java:108) 
        at android.app.servertransaction.TransactionExecutor.execute(TransactionExecutor.java:68) 
        at android.app.ActivityThread$H.handleMessage(ActivityThread.java:1808) 
        at android.os.Handler.dispatchMessage(Handler.java:106) 
        at android.os.Looper.loop(Looper.java:193) 
        at android.app.ActivityThread.main(ActivityThread.java:6669) 
        at java.lang.reflect.Method.invoke(Native Method) 
        at com.android.internal.os.RuntimeInit$MethodAndArgsCaller.run(RuntimeInit.java:493) 
        at com.android.internal.os.ZygoteInit.main(ZygoteInit.java:858) 
2018-10-12 15:32:00.677 6073-10864/? E/ActivityThread: Failed to find provider info for com.google.android.apps.gsa.testing.ui.audio.recorded
2018-10-12 15:32:03.509 1839-1955/? E/TaskPersister: File error accessing recents directory (directory doesn't exist?).
2018-10-12 15:32:05.714 6073-10864/? E/ActivityThread: Failed to find provider info for com.google.android.apps.gsa.testing.ui.audio.recorded
2018-10-12 15:32:15.769 6073-10864/? E/ActivityThread: Failed to find provider info for com.google.android.apps.gsa.testing.ui.audio.recorded
2018-10-12 15:32:20.801 6073-10864/? E/ActivityThread: Failed to find provider info for com.google.android.apps.gsa.testing.ui.audio.recorded
2018-10-12 15:32:25.323 1705-1729/? E/storaged: getDiskStats failed with result NOT_SUPPORTED and size 0
2018-10-12 15:32:25.834 6073-10864/? E/ActivityThread: Failed to find provider info for com.google.android.apps.gsa.testing.ui.audio.recorded
2018-10-12 15:33:21.218 6073-10864/? E/ActivityThread: Failed to find provider info for com.google.android.apps.gsa.testing.ui.audio.recorded
2018-10-12 15:33:25.325 1705-1729/? E/storaged: getDiskStats failed with result NOT_SUPPORTED and size 0
2018-10-12 15:33:26.257 6073-10864/? E/ActivityThread: Failed to find provider info for com.google.android.apps.gsa.testing.ui.audio.recorded
2018-10-12 15:34:21.643 6073-10864/? E/ActivityThread: Failed to find provider info for com.google.android.apps.gsa.testing.ui.audio.recorded
2018-10-12 15:34:25.328 1705-1729/? E/storaged: getDiskStats failed with result NOT_SUPPORTED and size 0
2018-10-12 15:34:26.682 6073-10864/? E/ActivityThread: Failed to find provider info for com.google.android.apps.gsa.testing.ui.audio.recorded
2018-10-12 15:35:22.048 6073-10864/? E/ActivityThread: Failed to find provider info for com.google.android.apps.gsa.testing.ui.audio.recorded
2018-10-12 15:35:25.331 1705-1729/? E/storaged: getDiskStats failed with result NOT_SUPPORTED and size 0
2018-10-12 15:35:27.077 6073-10864/? E/ActivityThread: Failed to find provider info for com.google.android.apps.gsa.testing.ui.audio.recorded
2018-10-12 15:36:22.432 6073-10864/? E/ActivityThread: Failed to find provider info for com.google.android.apps.gsa.testing.ui.audio.recorded
2018-10-12 15:36:25.332 1705-1729/? E/storaged: getDiskStats failed with result NOT_SUPPORTED and size 0
2018-10-12 15:36:27.466 6073-10864/? E/ActivityThread: Failed to find provider info for com.google.android.apps.gsa.testing.ui.audio.recorded
2018-10-12 15:36:57.727 6073-10864/? E/ActivityThread: Failed to find provider info for com.google.android.apps.gsa.testing.ui.audio.recorded
2018-10-12 15:37:02.823 1839-1955/? E/TaskPersister: File error accessing recents directory (directory doesn't exist?).
2018-10-12 15:37:05.917 11204-11204/? E/AndroidRuntime: FATAL EXCEPTION: main
    Process: com.divyateja.waviour, PID: 11204
    java.lang.ClassCastException: com.divyateja.waviour.Activity2 cannot be cast to com.google.android.gms.maps.GoogleMap$OnMarkerClickListener
        at com.divyateja.waviour.Activity2.onMapReady(Activity2.java:52)
        at com.google.android.gms.maps.zzak.zza(Unknown Source:7)
        at com.google.android.gms.maps.internal.zzaq.dispatchTransaction(Unknown Source:31)
        at com.google.android.gms.internal.maps.zzb.onTransact(Unknown Source:22)
        at android.os.Binder.transact(Binder.java:667)
        at fm.b(:com.google.android.gms.dynamite_mapsdynamite@14366084@14.3.66 (100700-213742215):15)
        at com.google.android.gms.maps.internal.bg.a(:com.google.android.gms.dynamite_mapsdynamite@14366084@14.3.66 (100700-213742215):4)
        at com.google.maps.api.android.lib6.impl.bj.run(:com.google.android.gms.dynamite_mapsdynamite@14366084@14.3.66 (100700-213742215):4)
        at android.os.Handler.handleCallback(Handler.java:873)
        at android.os.Handler.dispatchMessage(Handler.java:99)
        at android.os.Looper.loop(Looper.java:193)
        at android.app.ActivityThread.main(ActivityThread.java:6669)
        at java.lang.reflect.Method.invoke(Native Method)
        at com.android.internal.os.RuntimeInit$MethodAndArgsCaller.run(RuntimeInit.java:493)
        at com.android.internal.os.ZygoteInit.main(ZygoteInit.java:858)
2018-10-12 15:37:06.444 6073-10855/? E/ActivityThread: Failed to find provider info for com.google.android.apps.gsa.testing.ui.audio.recorded
2018-10-12 15:37:08.799 1839-1955/? E/TaskPersister: File error accessing recents directory (directory doesn't exist?).
2018-10-12 15:37:11.481 6073-10855/? E/ActivityThread: Failed to find provider info for com.google.android.apps.gsa.testing.ui.audio.recorded
2018-10-12 15:37:21.555 6073-10855/? E/ActivityThread: Failed to find provider info for com.google.android.apps.gsa.testing.ui.audio.recorded
2018-10-12 15:37:25.334 1705-1729/? E/storaged: getDiskStats failed with result NOT_SUPPORTED and size 0
2018-10-12 15:37:26.589 6073-10855/? E/ActivityThread: Failed to find provider info for com.google.android.apps.gsa.testing.ui.audio.recorded
2018-10-12 15:38:21.987 6073-10855/? E/ActivityThread: Failed to find provider info for com.google.android.apps.gsa.testing.ui.audio.recorded
2018-10-12 15:38:25.335 1705-1729/? E/storaged: getDiskStats failed with result NOT_SUPPORTED and size 0
2018-10-12 15:38:27.020 6073-10855/? E/ActivityThread: Failed to find provider info for com.google.android.apps.gsa.testing.ui.audio.recorded
2018-10-12 15:38:32.061 6073-10855/? E/ActivityThread: Failed to find provider info for com.google.android.apps.gsa.testing.ui.audio.recorded
2018-10-12 15:38:38.849 1839-1955/? E/TaskPersister: File error accessing recents directory (directory doesn't exist?).
2018-10-12 15:38:43.674 1839-1955/? E/TaskPersister: File error accessing recents directory (directory doesn't exist?).
2018-10-12 15:39:25.336 1705-1729/? E/storaged: getDiskStats failed with result NOT_SUPPORTED and size 0
2018-10-12 15:40:25.339 1705-1729/? E/storaged: getDiskStats failed with result NOT_SUPPORTED and size 0
2018-10-12 15:40:34.899 6073-11242/? E/ActivityThread: Failed to find provider info for com.google.android.apps.gsa.testing.ui.audio.recorded
2018-10-12 15:40:37.562 1839-1955/? E/TaskPersister: File error accessing recents directory (directory doesn't exist?).
2018-10-12 15:40:39.950 6073-11242/? E/ActivityThread: Failed to find provider info for com.google.android.apps.gsa.testing.ui.audio.recorded
2018-10-12 15:40:45.758 1692-1834/? E/SurfaceFlinger: ro.sf.lcd_density must be defined as a build property
2018-10-12 15:40:45.932 1692-2205/? E/SurfaceFlinger: ro.sf.lcd_density must be defined as a build property
2018-10-12 15:40:46.818 6228-11317/? E/NetworkScheduler: Invalid component specified.
2018-10-12 15:40:47.757 1839-1955/? E/TaskPersister: File error accessing recents directory (directory doesn't exist?).
2018-10-12 15:40:48.447 6228-11317/? E/NetworkScheduler: Invalid component specified.
2018-10-12 15:40:48.861 6228-8206/? E/NetworkScheduler: Invalid component specified.
2018-10-12 15:40:51.627 1839-1955/? E/TaskPersister: File error accessing recents directory (directory doesn't exist?).
2018-10-12 15:40:58.326 1839-1852/? E/memtrack: Couldn't load memtrack module
2018-10-12 15:41:08.866 1839-1852/? E/memtrack: Couldn't load memtrack module
2018-10-12 15:41:25.341 1705-1729/? E/storaged: getDiskStats failed with result NOT_SUPPORTED and size 0
2018-10-12 15:42:25.344 1705-1729/? E/storaged: getDiskStats failed with result NOT_SUPPORTED and size 0
2018-10-12 15:43:00.004 1839-1852/? E/memtrack: Couldn't load memtrack module
2018-10-12 15:43:10.596 1839-1857/? E/BluetoothAdapter: Bluetooth binder is null
2018-10-12 15:43:10.603 1839-1857/? E/KernelCpuSpeedReader: Failed to read cpu-freq: /sys/devices/system/cpu/cpu0/cpufreq/stats/time_in_state (No such file or directory)
2018-10-12 15:43:25.345 1705-1729/? E/storaged: getDiskStats failed with result NOT_SUPPORTED and size 0
2018-10-12 15:44:25.349 1705-1729/? E/storaged: getDiskStats failed with result NOT_SUPPORTED and size 0
2018-10-12 15:44:37.140 1839-1852/? E/memtrack: Couldn't load memtrack module
2018-10-12 15:45:25.353 1705-1729/? E/storaged: getDiskStats failed with result NOT_SUPPORTED and size 0
2018-10-12 15:45:36.348 6228-8206/? E/NetworkScheduler: Invalid component specified.
2018-10-12 15:45:36.357 6228-9083/? E/NetworkScheduler.ATC: Called cancelTask for already completed task com.google.android.gms/.measurement.PackageMeasurementTaskService{u=0 tag="Measurement.PackageMeasurementTaskService.UPLOAD_TASK_TAG" trigger=window{start=143s,end=287s,earliest=-144s,latest=0s} requirements=[NET_CONNECTED] attributes=[PERSISTED] scheduled=-287s last_run=0s jid=N/A status=ACTIVE retries=0 client_lib=MANCHEGO_GCM-14366000} :RESCHEDULED
2018-10-12 15:45:36.502 6228-11317/? E/NetworkScheduler: Invalid component specified.
2018-10-12 15:46:25.356 1705-1729/? E/storaged: getDiskStats failed with result NOT_SUPPORTED and size 0
2018-10-12 15:47:00.001 1839-1852/? E/memtrack: Couldn't load memtrack module
2018-10-12 15:47:25.359 1705-1729/? E/storaged: getDiskStats failed with result NOT_SUPPORTED and size 0
2018-10-12 15:48:25.361 1705-1729/? E/storaged: getDiskStats failed with result NOT_SUPPORTED and size 0
2018-10-12 15:49:25.365 1705-1729/? E/storaged: getDiskStats failed with result NOT_SUPPORTED and size 0
2018-10-12 15:49:49.216 6228-9942/? E/WakeLock: GCM_HB_ALARM release without a matched acquire!
2018-10-12 15:50:25.369 1705-1729/? E/storaged: getDiskStats failed with result NOT_SUPPORTED and size 0
2018-10-12 15:50:35.918 1839-1852/? E/memtrack: Couldn't load memtrack module
2018-10-12 15:51:25.374 1705-1729/? E/storaged: getDiskStats failed with result NOT_SUPPORTED and size 0
2018-10-12 15:51:45.894 6073-11852/? E/ActivityThread: Failed to find provider info for com.google.android.apps.gsa.testing.ui.audio.recorded
2018-10-12 15:51:45.965 6228-7931/? E/NetworkScheduler: Invalid component specified.
2018-10-12 15:51:46.145 6228-6228/? E/BeaconBle: Missing BluetoothAdapter
2018-10-12 15:51:46.165 1839-1955/? E/TaskPersister: File error accessing recents directory (directory doesn't exist?).
2018-10-12 15:51:46.204 6228-6228/? E/BeaconBle: Scan couldn't start for Places
2018-10-12 15:51:46.266 1839-1906/? E/InputDispatcher: channel '858ed89 com.divyateja.waviour/com.divyateja.waviour.Activity2 (server)' ~ Channel is unrecoverably broken and will be disposed!
2018-10-12 15:51:46.266 1839-1906/? E/InputDispatcher: channel 'f8328d7 com.divyateja.waviour/com.divyateja.waviour.MainActivity (server)' ~ Channel is unrecoverably broken and will be disposed!
2018-10-12 15:51:49.851 1839-1955/? E/TaskPersister: File error accessing recents directory (directory doesn't exist?).
2018-10-12 15:51:50.936 6073-11852/? E/ActivityThread: Failed to find provider info for com.google.android.apps.gsa.testing.ui.audio.recorded
2018-10-12 15:52:21.115 6073-11852/? E/ActivityThread: Failed to find provider info for com.google.android.apps.gsa.testing.ui.audio.recorded
2018-10-12 15:52:25.375 1705-1729/? E/storaged: getDiskStats failed with result NOT_SUPPORTED and size 0
2018-10-12 15:52:26.144 6073-11852/? E/ActivityThread: Failed to find provider info for com.google.android.apps.gsa.testing.ui.audio.recorded
2018-10-12 15:53:21.518 6073-11852/? E/ActivityThread: Failed to find provider info for com.google.android.apps.gsa.testing.ui.audio.recorded
2018-10-12 15:53:25.377 1705-1729/? E/storaged: getDiskStats failed with result NOT_SUPPORTED and size 0
2018-10-12 15:53:26.548 6073-11852/? E/ActivityThread: Failed to find provider info for com.google.android.apps.gsa.testing.ui.audio.recorded
2018-10-12 15:54:21.881 6073-11852/? E/ActivityThread: Failed to find provider info for com.google.android.apps.gsa.testing.ui.audio.recorded
2018-10-12 15:54:25.379 1705-1729/? E/storaged: getDiskStats failed with result NOT_SUPPORTED and size 0
2018-10-12 15:54:26.908 6073-11852/? E/ActivityThread: Failed to find provider info for com.google.android.apps.gsa.testing.ui.audio.recorded
2018-10-12 15:55:22.262 6073-11852/? E/ActivityThread: Failed to find provider info for com.google.android.apps.gsa.testing.ui.audio.recorded
2018-10-12 15:55:25.382 1705-1729/? E/storaged: getDiskStats failed with result NOT_SUPPORTED and size 0
2018-10-12 15:55:27.294 6073-11852/? E/ActivityThread: Failed to find provider info for com.google.android.apps.gsa.testing.ui.audio.recorded
2018-10-12 15:56:00.002 1839-1852/? E/memtrack: Couldn't load memtrack module
2018-10-12 15:56:17.627 6073-11852/? E/ActivityThread: Failed to find provider info for com.google.android.apps.gsa.testing.ui.audio.recorded
2018-10-12 15:56:22.656 6073-11856/? E/ActivityThread: Failed to find provider info for com.google.android.apps.gsa.testing.ui.audio.recorded
2018-10-12 15:56:25.385 1705-1729/? E/storaged: getDiskStats failed with result NOT_SUPPORTED and size 0
2018-10-12 15:56:27.689 6073-11856/? E/ActivityThread: Failed to find provider info for com.google.android.apps.gsa.testing.ui.audio.recorded
2018-10-12 15:57:18.007 6073-11856/? E/ActivityThread: Failed to find provider info for com.google.android.apps.gsa.testing.ui.audio.recorded
2018-10-12 15:57:23.046 6073-11856/? E/ActivityThread: Failed to find provider info for com.google.android.apps.gsa.testing.ui.audio.recorded
2018-10-12 15:57:25.387 1705-1729/? E/storaged: getDiskStats failed with result NOT_SUPPORTED and size 0
2018-10-12 15:57:28.077 6073-11856/? E/ActivityThread: Failed to find provider info for com.google.android.apps.gsa.testing.ui.audio.recorded
2018-10-12 15:58:23.438 6073-11856/? E/ActivityThread: Failed to find provider info for com.google.android.apps.gsa.testing.ui.audio.recorded
2018-10-12 15:58:25.389 1705-1729/? E/storaged: getDiskStats failed with result NOT_SUPPORTED and size 0
2018-10-12 15:58:28.473 6073-11856/? E/ActivityThread: Failed to find provider info for com.google.android.apps.gsa.testing.ui.audio.recorded
2018-10-12 15:58:59.283 6228-9942/? E/WakeLock: GCM_HB_ALARM release without a matched acquire!
2018-10-12 15:58:59.489 1569-12200/? E/libc: Access denied finding property "net.hostname"
2018-10-12 15:58:59.492 1569-7298/? E/libc: Access denied finding property "net.hostname"
2018-10-12 15:58:59.505 1569-12201/? E/libc: Access denied finding property "net.hostname"
2018-10-12 15:58:59.509 1569-7298/? E/libc: Access denied finding property "net.hostname"
2018-10-12 15:59:23.827 6073-11856/? E/ActivityThread: Failed to find provider info for com.google.android.apps.gsa.testing.ui.audio.recorded
2018-10-12 15:59:25.391 1705-1729/? E/storaged: getDiskStats failed with result NOT_SUPPORTED and size 0
2018-10-12 15:59:28.851 6073-11856/? E/ActivityThread: Failed to find provider info for com.google.android.apps.gsa.testing.ui.audio.recorded
2018-10-12 16:00:24.200 6073-11856/? E/ActivityThread: Failed to find provider info for com.google.android.apps.gsa.testing.ui.audio.recorded
2018-10-12 16:00:25.395 1705-1729/? E/storaged: getDiskStats failed with result NOT_SUPPORTED and size 0
2018-10-12 16:00:29.232 6073-11856/? E/ActivityThread: Failed to find provider info for com.google.android.apps.gsa.testing.ui.audio.recorded
2018-10-12 16:01:24.586 6073-11856/? E/ActivityThread: Failed to find provider info for com.google.android.apps.gsa.testing.ui.audio.recorded
2018-10-12 16:01:25.397 1705-1729/? E/storaged: getDiskStats failed with result NOT_SUPPORTED and size 0
2018-10-12 16:01:29.618 6073-11856/? E/ActivityThread: Failed to find provider info for com.google.android.apps.gsa.testing.ui.audio.recorded
2018-10-12 16:02:24.990 6073-11856/? E/ActivityThread: Failed to find provider info for com.google.android.apps.gsa.testing.ui.audio.recorded
2018-10-12 16:02:25.399 1705-1729/? E/storaged: getDiskStats failed with result NOT_SUPPORTED and size 0
2018-10-12 16:02:26.930 1697-1886/? E/installd: Failed to delete /data/app/vmdl1938838661.tmp: No such file or directory
2018-10-12 16:02:29.059 1692-1765/? E/SurfaceFlinger: ro.sf.lcd_density must be defined as a build property
2018-10-12 16:02:29.177 1692-1765/? E/SurfaceFlinger: ro.sf.lcd_density must be defined as a build property
2018-10-12 16:02:29.894 6228-9083/? E/NetworkScheduler: Invalid component specified.
2018-10-12 16:02:30.882 1839-1955/? E/TaskPersister: File error accessing recents directory (directory doesn't exist?).
2018-10-12 16:02:32.315 6073-12502/? E/ActivityThread: Failed to find provider info for com.google.android.apps.gsa.testing.ui.audio.recorded
2018-10-12 16:02:32.429 6228-6228/? E/BeaconBle: Missing BluetoothAdapter
2018-10-12 16:02:32.446 6228-6228/? E/BeaconBle: Scan couldn't start for Places
2018-10-12 16:02:34.854 1839-1955/? E/TaskPersister: File error accessing recents directory (directory doesn't exist?).
2018-10-12 16:02:37.355 6073-12502/? E/ActivityThread: Failed to find provider info for com.google.android.apps.gsa.testing.ui.audio.recorded
2018-10-12 16:03:22.625 6073-12502/? E/ActivityThread: Failed to find provider info for com.google.android.apps.gsa.testing.ui.audio.recorded
2018-10-12 16:03:25.401 1705-1729/? E/storaged: getDiskStats failed with result NOT_SUPPORTED and size 0
2018-10-12 16:03:27.660 6073-12502/? E/ActivityThread: Failed to find provider info for com.google.android.apps.gsa.testing.ui.audio.recorded
2018-10-12 16:04:23.032 6073-12502/? E/ActivityThread: Failed to find provider info for com.google.android.apps.gsa.testing.ui.audio.recorded
2018-10-12 16:04:25.405 1705-1729/? E/storaged: getDiskStats failed with result NOT_SUPPORTED and size 0
2018-10-12 16:04:28.064 6073-12502/? E/ActivityThread: Failed to find provider info for com.google.android.apps.gsa.testing.ui.audio.recorded
2018-10-12 16:05:23.400 6073-12502/? E/ActivityThread: Failed to find provider info for com.google.android.apps.gsa.testing.ui.audio.recorded
2018-10-12 16:05:25.406 1705-1729/? E/storaged: getDiskStats failed with result NOT_SUPPORTED and size 0
2018-10-12 16:05:28.432 6073-12502/? E/ActivityThread: Failed to find provider info for com.google.android.apps.gsa.testing.ui.audio.recorded
2018-10-12 16:06:03.637 6073-12502/? E/ActivityThread: Failed to find provider info for com.google.android.apps.gsa.testing.ui.audio.recorded
2018-10-12 16:06:08.666 6073-12502/? E/ActivityThread: Failed to find provider info for com.google.android.apps.gsa.testing.ui.audio.recorded
2018-10-12 16:06:23.762 6073-12502/? E/ActivityThread: Failed to find provider info for com.google.android.apps.gsa.testing.ui.audio.recorded
2018-10-12 16:06:25.409 1705-1729/? E/storaged: getDiskStats failed with result NOT_SUPPORTED and size 0
2018-10-12 16:06:28.784 6073-12502/? E/ActivityThread: Failed to find provider info for com.google.android.apps.gsa.testing.ui.audio.recorded
2018-10-12 16:07:24.108 6073-12502/? E/ActivityThread: Failed to find provider info for com.google.android.apps.gsa.testing.ui.audio.recorded
2018-10-12 16:07:25.413 1705-1729/? E/storaged: getDiskStats failed with result NOT_SUPPORTED and size 0
2018-10-12 16:07:29.138 6073-12502/? E/ActivityThread: Failed to find provider info for com.google.android.apps.gsa.testing.ui.audio.recorded
2018-10-12 16:08:09.351 6228-9942/? E/WakeLock: GCM_HB_ALARM release without a matched acquire!
2018-10-12 16:08:24.448 6073-12502/? E/ActivityThread: Failed to find provider info for com.google.android.apps.gsa.testing.ui.audio.recorded
2018-10-12 16:08:25.415 1705-1729/? E/storaged: getDiskStats failed with result NOT_SUPPORTED and size 0
2018-10-12 16:08:29.474 6073-12502/? E/ActivityThread: Failed to find provider info for com.google.android.apps.gsa.testing.ui.audio.recorded
2018-10-12 16:09:24.808 6073-12502/? E/ActivityThread: Failed to find provider info for com.google.android.apps.gsa.testing.ui.audio.recorded
2018-10-12 16:09:25.417 1705-1729/? E/storaged: getDiskStats failed with result NOT_SUPPORTED and size 0
2018-10-12 16:09:29.836 6073-12502/? E/ActivityThread: Failed to find provider info for com.google.android.apps.gsa.testing.ui.audio.recorded
2018-10-12 16:10:25.183 6073-12502/? E/ActivityThread: Failed to find provider info for com.google.android.apps.gsa.testing.ui.audio.recorded
2018-10-12 16:10:25.418 1705-1729/? E/storaged: getDiskStats failed with result NOT_SUPPORTED and size 0
2018-10-12 16:10:30.211 6073-12502/? E/ActivityThread: Failed to find provider info for com.google.android.apps.gsa.testing.ui.audio.recorded
2018-10-12 16:11:00.004 1839-1852/? E/memtrack: Couldn't load memtrack module
2018-10-12 16:11:20.498 6073-12502/? E/ActivityThread: Failed to find provider info for com.google.android.apps.gsa.testing.ui.audio.recorded
2018-10-12 16:11:25.419 1705-1729/? E/storaged: getDiskStats failed with result NOT_SUPPORTED and size 0
2018-10-12 16:11:25.524 6073-12502/? E/ActivityThread: Failed to find provider info for com.google.android.apps.gsa.testing.ui.audio.recorded
2018-10-12 16:11:40.614 6073-12502/? E/ActivityThread: Failed to find provider info for com.google.android.apps.gsa.testing.ui.audio.recorded
2018-10-12 16:11:45.637 6073-12502/? E/ActivityThread: Failed to find provider info for com.google.android.apps.gsa.testing.ui.audio.recorded
2018-10-12 16:11:55.690 1584-7147/? E/AudioFlinger: not enough memory for AudioTrack size=131296
2018-10-12 16:11:55.690 1584-7147/? E/AudioFlinger: createRecordTrack_l() initCheck failed -12; no control block?
2018-10-12 16:12:00.718 1584-1626/? E/AudioFlinger: not enough memory for AudioTrack size=131296
2018-10-12 16:12:00.718 1584-1626/? E/AudioFlinger: createRecordTrack_l() initCheck failed -12; no control block?
2018-10-12 16:12:05.742 1584-7147/? E/AudioFlinger: not enough memory for AudioTrack size=131296
2018-10-12 16:12:05.742 1584-7147/? E/AudioFlinger: createRecordTrack_l() initCheck failed -12; no control block?
2018-10-12 16:12:10.770 1584-1626/? E/AudioFlinger: not enough memory for AudioTrack size=131296
2018-10-12 16:12:10.770 1584-1626/? E/AudioFlinger: createRecordTrack_l() initCheck failed -12; no control block?
2018-10-12 16:12:15.811 1584-7147/? E/AudioFlinger: not enough memory for AudioTrack size=131296
2018-10-12 16:12:15.812 1584-7147/? E/AudioFlinger: createRecordTrack_l() initCheck failed -12; no control block?
2018-10-12 16:12:20.840 1584-7147/? E/AudioFlinger: not enough memory for AudioTrack size=131296
2018-10-12 16:12:20.840 1584-7147/? E/AudioFlinger: createRecordTrack_l() initCheck failed -12; no control block?
2018-10-12 16:12:20.843 6073-12502/? E/ActivityThread: Failed to find provider info for com.google.android.apps.gsa.testing.ui.audio.recorded
2018-10-12 16:12:25.420 1705-1729/? E/storaged: getDiskStats failed with result NOT_SUPPORTED and size 0
2018-10-12 16:12:25.875 1584-12964/? E/AudioFlinger: not enough memory for AudioTrack size=131296
2018-10-12 16:12:25.875 1584-12964/? E/AudioFlinger: createRecordTrack_l() initCheck failed -12; no control block?
2018-10-12 16:12:25.877 6073-12502/? E/ActivityThread: Failed to find provider info for com.google.android.apps.gsa.testing.ui.audio.recorded
2018-10-12 16:12:25.901 5331-12959/? E/Finsky: [428] com.google.android.finsky.fi.a.a(4): No account, unable to use UdcClient
2018-10-12 16:12:30.907 1584-12964/? E/AudioFlinger: not enough memory for AudioTrack size=131296
2018-10-12 16:12:30.908 1584-12964/? E/AudioFlinger: createRecordTrack_l() initCheck failed -12; no control block?
2018-10-12 16:12:30.993 5331-12982/? E/Finsky: [434] com.google.android.finsky.splitinstallservice.am.a(3): Can't schedule deferred install. No modules found.
2018-10-12 16:12:31.030 5331-5331/? E/Finsky: [2] com.google.android.finsky.wear.ae.a(3): onConnectionFailed: ConnectionResult{statusCode=API_UNAVAILABLE, resolution=null, message=null}
2018-10-12 16:12:31.801 5331-12981/? E/Finsky: [433] com.google.android.finsky.verifier.impl.gs.a(39): The service stub was not initialized properly
2018-10-12 16:12:35.939 1584-10757/? E/AudioFlinger: not enough memory for AudioTrack size=131296
2018-10-12 16:12:35.939 1584-10757/? E/AudioFlinger: createRecordTrack_l() initCheck failed -12; no control block?
2018-10-12 16:12:40.970 1584-12964/? E/AudioFlinger: not enough memory for AudioTrack size=131296
2018-10-12 16:12:40.970 1584-12964/? E/AudioFlinger: createRecordTrack_l() initCheck failed -12; no control block?
2018-10-12 16:12:45.997 1584-12964/? E/AudioFlinger: not enough memory for AudioTrack size=131296
2018-10-12 16:12:45.997 1584-12964/? E/AudioFlinger: createRecordTrack_l() initCheck failed -12; no control block?
2018-10-12 16:12:51.021 1584-12964/? E/AudioFlinger: not enough memory for AudioTrack size=131296
2018-10-12 16:12:51.021 1584-12964/? E/AudioFlinger: createRecordTrack_l() initCheck failed -12; no control block?
2018-10-12 16:12:56.049 1584-10757/? E/AudioFlinger: not enough memory for AudioTrack size=131296
2018-10-12 16:12:56.049 1584-10757/? E/AudioFlinger: createRecordTrack_l() initCheck failed -12; no control block?
2018-10-12 16:13:01.088 1584-10757/? E/AudioFlinger: not enough memory for AudioTrack size=131296
2018-10-12 16:13:01.088 1584-10757/? E/AudioFlinger: createRecordTrack_l() initCheck failed -12; no control block?
2018-10-12 16:13:06.120 1584-12964/? E/AudioFlinger: not enough memory for AudioTrack size=131296
2018-10-12 16:13:06.120 1584-12964/? E/AudioFlinger: createRecordTrack_l() initCheck failed -12; no control block?
2018-10-12 16:13:10.596 1839-1857/? E/BluetoothAdapter: Bluetooth binder is null
2018-10-12 16:13:06.122 6073-12502/? E/ActivityThread: Failed to find provider info for com.google.android.apps.gsa.testing.ui.audio.recorded
2018-10-12 16:13:10.602 1839-1857/? E/KernelCpuSpeedReader: Failed to read cpu-freq: /sys/devices/system/cpu/cpu0/cpufreq/stats/time_in_state (No such file or directory)
2018-10-12 16:13:11.147 1584-10757/? E/AudioFlinger: not enough memory for AudioTrack size=131296
2018-10-12 16:13:11.147 1584-10757/? E/AudioFlinger: createRecordTrack_l() initCheck failed -12; no control block?
2018-10-12 16:13:11.150 6073-12502/? E/ActivityThread: Failed to find provider info for com.google.android.apps.gsa.testing.ui.audio.recorded
2018-10-12 16:13:16.174 1584-12964/? E/AudioFlinger: not enough memory for AudioTrack size=131296
2018-10-12 16:13:16.174 1584-12964/? E/AudioFlinger: createRecordTrack_l() initCheck failed -12; no control block?
2018-10-12 16:13:21.201 1584-12964/? E/AudioFlinger: not enough memory for AudioTrack size=131296
2018-10-12 16:13:21.201 1584-12964/? E/AudioFlinger: createRecordTrack_l() initCheck failed -12; no control block?
2018-10-12 16:13:21.209 6073-12502/? E/ActivityThread: Failed to find provider info for com.google.android.apps.gsa.testing.ui.audio.recorded
2018-10-12 16:13:25.425 1705-1729/? E/storaged: getDiskStats failed with result NOT_SUPPORTED and size 0
2018-10-12 16:13:26.233 1584-12964/? E/AudioFlinger: not enough memory for AudioTrack size=131296
2018-10-12 16:13:26.233 1584-12964/? E/AudioFlinger: createRecordTrack_l() initCheck failed -12; no control block?
2018-10-12 16:13:26.235 6073-12502/? E/ActivityThread: Failed to find provider info for com.google.android.apps.gsa.testing.ui.audio.recorded
2018-10-12 16:13:31.267 1584-10757/? E/AudioFlinger: not enough memory for AudioTrack size=131296
2018-10-12 16:13:31.267 1584-10757/? E/AudioFlinger: createRecordTrack_l() initCheck failed -12; no control block?
2018-10-12 16:13:36.296 1584-12964/? E/AudioFlinger: not enough memory for AudioTrack size=131296
2018-10-12 16:13:36.296 1584-12964/? E/AudioFlinger: createRecordTrack_l() initCheck failed -12; no control block?
2018-10-12 16:13:41.321 1584-10757/? E/AudioFlinger: not enough memory for AudioTrack size=131296
2018-10-12 16:13:41.322 1584-10757/? E/AudioFlinger: createRecordTrack_l() initCheck failed -12; no control block?
2018-10-12 16:13:46.352 1584-12964/? E/AudioFlinger: not enough memory for AudioTrack size=131296
2018-10-12 16:13:46.352 1584-12964/? E/AudioFlinger: createRecordTrack_l() initCheck failed -12; no control block?
2018-10-12 16:13:51.381 1584-10757/? E/AudioFlinger: not enough memory for AudioTrack size=131296
2018-10-12 16:13:51.381 1584-10757/? E/AudioFlinger: createRecordTrack_l() initCheck failed -12; no control block?
2018-10-12 16:13:51.382 6073-12502/? E/IAudioFlinger: createRecord returned error -12
2018-10-12 16:13:51.383 6073-12502/? E/AudioRecord: AudioFlinger could not create record track, status: -12
2018-10-12 16:13:51.383 6073-12502/? E/AudioRecord-JNI: Error creating AudioRecord instance: initialization check failed with status -12.
2018-10-12 16:13:51.383 6073-12502/? E/android.media.AudioRecord: Error code -20 when initializing native AudioRecord object.
2018-10-12 16:13:56.408 1584-10757/? E/AudioFlinger: not enough memory for AudioTrack size=131296
2018-10-12 16:13:56.408 1584-10757/? E/AudioFlinger: createRecordTrack_l() initCheck failed -12; no control block?
2018-10-12 16:13:56.410 6073-12502/? E/IAudioFlinger: createRecord returned error -12
2018-10-12 16:13:56.410 6073-12502/? E/AudioRecord: AudioFlinger could not create record track, status: -12
2018-10-12 16:13:56.410 6073-12502/? E/AudioRecord-JNI: Error creating AudioRecord instance: initialization check failed with status -12.
2018-10-12 16:13:56.410 6073-12502/? E/android.media.AudioRecord: Error code -20 when initializing native AudioRecord object.
2018-10-12 16:13:59.499 13047-13047/? E/id.partnersetu: Not starting debugger since process cannot load the jdwp agent.
2018-10-12 16:13:56.411 6073-12502/? E/ActivityThread: Failed to find provider info for com.google.android.apps.gsa.testing.ui.audio.recorded
2018-10-12 16:14:01.437 1584-12964/? E/AudioFlinger: not enough memory for AudioTrack size=131296
2018-10-12 16:14:01.437 1584-12964/? E/AudioFlinger: createRecordTrack_l() initCheck failed -12; no control block?
2018-10-12 16:14:01.440 6073-12502/? E/IAudioFlinger: createRecord returned error -12
2018-10-12 16:14:01.440 6073-12502/? E/AudioRecord: AudioFlinger could not create record track, status: -12
2018-10-12 16:14:01.440 6073-12502/? E/AudioRecord-JNI: Error creating AudioRecord instance: initialization check failed with status -12.
2018-10-12 16:14:01.441 6073-12502/? E/android.media.AudioRecord: Error code -20 when initializing native AudioRecord object.
2018-10-12 16:14:01.441 6073-12502/? E/ActivityThread: Failed to find provider info for com.google.android.apps.gsa.testing.ui.audio.recorded
2018-10-12 16:14:06.469 1584-10757/? E/AudioFlinger: not enough memory for AudioTrack size=131296
2018-10-12 16:14:06.469 1584-10757/? E/AudioFlinger: createRecordTrack_l() initCheck failed -12; no control block?
2018-10-12 16:14:06.470 6073-12502/? E/IAudioFlinger: createRecord returned error -12
2018-10-12 16:14:06.470 6073-12502/? E/AudioRecord: AudioFlinger could not create record track, status: -12
2018-10-12 16:14:06.470 6073-12502/? E/AudioRecord-JNI: Error creating AudioRecord instance: initialization check failed with status -12.
2018-10-12 16:14:06.470 6073-12502/? E/android.media.AudioRecord: Error code -20 when initializing native AudioRecord object.
2018-10-12 16:14:11.495 1584-12964/? E/AudioFlinger: not enough memory for AudioTrack size=131296
2018-10-12 16:14:11.495 1584-12964/? E/AudioFlinger: createRecordTrack_l() initCheck failed -12; no control block?
2018-10-12 16:14:11.496 6073-12502/? E/IAudioFlinger: createRecord returned error -12
2018-10-12 16:14:11.496 6073-12502/? E/AudioRecord: AudioFlinger could not create record track, status: -12
2018-10-12 16:14:11.496 6073-12502/? E/AudioRecord-JNI: Error creating AudioRecord instance: initialization check failed with status -12.
2018-10-12 16:14:11.496 6073-12502/? E/android.media.AudioRecord: Error code -20 when initializing native AudioRecord object.
2018-10-12 16:14:16.524 1584-12964/? E/AudioFlinger: not enough memory for AudioTrack size=131296
2018-10-12 16:14:16.524 1584-12964/? E/AudioFlinger: createRecordTrack_l() initCheck failed -12; no control block?
2018-10-12 16:14:16.526 6073-12502/? E/IAudioFlinger: createRecord returned error -12
2018-10-12 16:14:16.526 6073-12502/? E/AudioRecord: AudioFlinger could not create record track, status: -12
2018-10-12 16:14:16.527 6073-12502/? E/AudioRecord-JNI: Error creating AudioRecord instance: initialization check failed with status -12.
2018-10-12 16:14:16.527 6073-12502/? E/android.media.AudioRecord: Error code -20 when initializing native AudioRecord object.
2018-10-12 16:14:21.553 1584-12964/? E/AudioFlinger: not enough memory for AudioTrack size=131296
2018-10-12 16:14:21.553 1584-12964/? E/AudioFlinger: createRecordTrack_l() initCheck failed -12; no control block?
2018-10-12 16:14:21.554 6073-12502/? E/IAudioFlinger: createRecord returned error -12
2018-10-12 16:14:21.554 6073-12502/? E/AudioRecord: AudioFlinger could not create record track, status: -12
2018-10-12 16:14:21.554 6073-12502/? E/AudioRecord-JNI: Error creating AudioRecord instance: initialization check failed with status -12.
2018-10-12 16:14:21.554 6073-12502/? E/android.media.AudioRecord: Error code -20 when initializing native AudioRecord object.
2018-10-12 16:14:21.555 6073-12502/? E/ActivityThread: Failed to find provider info for com.google.android.apps.gsa.testing.ui.audio.recorded
2018-10-12 16:14:25.652 1705-1729/? E/storaged: getDiskStats failed with result NOT_SUPPORTED and size 0
2018-10-12 16:14:26.584 1584-12964/? E/AudioFlinger: not enough memory for AudioTrack size=131296
2018-10-12 16:14:26.584 1584-12964/? E/AudioFlinger: createRecordTrack_l() initCheck failed -12; no control block?
2018-10-12 16:14:26.586 6073-12502/? E/IAudioFlinger: createRecord returned error -12
2018-10-12 16:14:26.586 6073-12502/? E/AudioRecord: AudioFlinger could not create record track, status: -12
2018-10-12 16:14:26.586 6073-12502/? E/AudioRecord-JNI: Error creating AudioRecord instance: initialization check failed with status -12.
2018-10-12 16:14:26.587 6073-12502/? E/android.media.AudioRecord: Error code -20 when initializing native AudioRecord object.
2018-10-12 16:14:26.588 6073-12502/? E/ActivityThread: Failed to find provider info for com.google.android.apps.gsa.testing.ui.audio.recorded
2018-10-12 16:14:31.608 1584-12964/? E/AudioFlinger: not enough memory for AudioTrack size=131296
2018-10-12 16:14:31.608 1584-12964/? E/AudioFlinger: createRecordTrack_l() initCheck failed -12; no control block?
2018-10-12 16:14:31.617 6073-12502/? E/IAudioFlinger: createRecord returned error -12
2018-10-12 16:14:31.617 6073-12502/? E/AudioRecord: AudioFlinger could not create record track, status: -12
2018-10-12 16:14:31.618 6073-12502/? E/AudioRecord-JNI: Error creating AudioRecord instance: initialization check failed with status -12.
2018-10-12 16:14:31.618 6073-12502/? E/android.media.AudioRecord: Error code -20 when initializing native AudioRecord object.
2018-10-12 16:14:36.645 1584-10757/? E/AudioFlinger: not enough memory for AudioTrack size=131296
2018-10-12 16:14:36.645 1584-10757/? E/AudioFlinger: createRecordTrack_l() initCheck failed -12; no control block?
2018-10-12 16:14:36.647 6073-12502/? E/IAudioFlinger: createRecord returned error -12
2018-10-12 16:14:36.647 6073-12502/? E/AudioRecord: AudioFlinger could not create record track, status: -12
2018-10-12 16:14:36.647 6073-12502/? E/AudioRecord-JNI: Error creating AudioRecord instance: initialization check failed with status -12.
2018-10-12 16:14:36.648 6073-12502/? E/android.media.AudioRecord: Error code -20 when initializing native AudioRecord object.
2018-10-12 16:14:41.672 1584-12964/? E/AudioFlinger: not enough memory for AudioTrack size=131296
2018-10-12 16:14:41.672 1584-12964/? E/AudioFlinger: createRecordTrack_l() initCheck failed -12; no control block?
2018-10-12 16:14:41.674 6073-12502/? E/IAudioFlinger: createRecord returned error -12
2018-10-12 16:14:41.674 6073-12502/? E/AudioRecord: AudioFlinger could not create record track, status: -12
2018-10-12 16:14:41.674 6073-12502/? E/AudioRecord-JNI: Error creating AudioRecord instance: initialization check failed with status -12.
2018-10-12 16:14:41.674 6073-12502/? E/android.media.AudioRecord: Error code -20 when initializing native AudioRecord object.
2018-10-12 16:14:41.675 6073-12502/? E/ActivityThread: Failed to find provider info for com.google.android.apps.gsa.testing.ui.audio.recorded
2018-10-12 16:14:47.636 1839-1859/? E/NetdConnector: NDC event {613 IfaceClass active 1 10895363359645 1051} took too long: 938ms
2018-10-12 16:14:47.737 1839-1859/? E/NetdConnector: NDC event {614 Address updated fec0::ff:fe44:5566/64 wlan0 0 200} processed too late: 942ms
2018-10-12 16:14:47.739 1839-1859/? E/NetdConnector: NDC event {614 Address updated fec0::d58d:c80b:d02d:4da3/64 wlan0 1 200} processed too late: 1027ms
2018-10-12 16:14:47.740 1839-1859/? E/NetdConnector: NDC event {614 Address updated fec0::70c2:f4ff:fe72:97c9/64 radio0 0 200} processed too late: 1027ms
2018-10-12 16:14:47.741 1839-1859/? E/NetdConnector: NDC event {614 Address updated fec0::3dcc:f8db:8787:a854/64 radio0 1 200} processed too late: 1028ms
2018-10-12 16:14:47.778 1839-1859/? E/NetdConnector: NDC event {613 IfaceClass active 0 10895625073645 0} processed too late: 1030ms
2018-10-12 16:14:48.971 1839-1852/? E/memtrack: Couldn't load memtrack module
2018-10-12 16:14:49.591 1839-1852/? E/memtrack: Couldn't load memtrack module
2018-10-12 16:14:49.828 1839-1852/? E/memtrack: Couldn't load memtrack module
2018-10-12 16:14:50.006 1839-1852/? E/memtrack: Couldn't load memtrack module
2018-10-12 16:14:50.323 1839-1852/? E/memtrack: Couldn't load memtrack module
2018-10-12 16:14:50.433 1839-1852/? E/memtrack: Couldn't load memtrack module
2018-10-12 16:14:50.546 1584-12964/? E/AudioFlinger: not enough memory for AudioTrack size=131296
2018-10-12 16:14:50.558 1584-12964/? E/AudioFlinger: createRecordTrack_l() initCheck failed -12; no control block?
2018-10-12 16:14:50.584 6073-12502/? E/IAudioFlinger: createRecord returned error -12
2018-10-12 16:14:50.584 6073-12502/? E/AudioRecord: AudioFlinger could not create record track, status: -12
2018-10-12 16:14:50.595 6073-12502/? E/AudioRecord-JNI: Error creating AudioRecord instance: initialization check failed with status -12.
2018-10-12 16:14:50.632 6073-12502/? E/android.media.AudioRecord: Error code -20 when initializing native AudioRecord object.
2018-10-12 16:14:50.640 1839-1852/? E/memtrack: Couldn't load memtrack module
2018-10-12 16:14:50.649 6073-12502/? E/ActivityThread: Failed to find provider info for com.google.android.apps.gsa.testing.ui.audio.recorded
2018-10-12 16:14:50.765 1839-1852/? E/memtrack: Couldn't load memtrack module
