2018-10-12 16:14:50.834 1839-1852/? E/memtrack: Couldn't load memtrack module
2018-10-12 16:14:50.877 1839-1852/? E/memtrack: Couldn't load memtrack module
2018-10-12 16:14:50.958 1839-1852/? E/memtrack: Couldn't load memtrack module
2018-10-12 16:14:51.006 1839-1852/? E/memtrack: Couldn't load memtrack module
2018-10-12 16:14:51.057 1839-1852/? E/memtrack: Couldn't load memtrack module
2018-10-12 16:14:51.102 1839-1852/? E/memtrack: Couldn't load memtrack module
2018-10-12 16:14:51.139 1839-1852/? E/memtrack: Couldn't load memtrack module
2018-10-12 16:14:51.179 1839-1852/? E/memtrack: Couldn't load memtrack module
2018-10-12 16:14:51.214 1839-1852/? E/memtrack: Couldn't load memtrack module
2018-10-12 16:14:51.248 1839-1852/? E/memtrack: Couldn't load memtrack module
2018-10-12 16:14:51.285 1839-1852/? E/memtrack: Couldn't load memtrack module
2018-10-12 16:14:51.319 1839-1852/? E/memtrack: Couldn't load memtrack module
2018-10-12 16:14:51.640 1839-1852/? E/memtrack: Couldn't load memtrack module
2018-10-12 16:14:51.646 1839-1852/? E/memtrack: Couldn't load memtrack module
2018-10-12 16:14:51.648 1839-1852/? E/memtrack: Couldn't load memtrack module
2018-10-12 16:14:51.650 1839-1852/? E/memtrack: Couldn't load memtrack module
2018-10-12 16:14:51.651 1839-1852/? E/memtrack: Couldn't load memtrack module
2018-10-12 16:14:51.654 1839-1852/? E/memtrack: Couldn't load memtrack module
2018-10-12 16:14:51.657 1839-1852/? E/memtrack: Couldn't load memtrack module
2018-10-12 16:14:51.661 1839-1852/? E/memtrack: Couldn't load memtrack module
2018-10-12 16:14:51.664 1839-1852/? E/memtrack: Couldn't load memtrack module
2018-10-12 16:14:51.669 1839-1852/? E/memtrack: Couldn't load memtrack module
2018-10-12 16:14:51.673 1839-1852/? E/memtrack: Couldn't load memtrack module
2018-10-12 16:14:51.677 1839-1852/? E/memtrack: Couldn't load memtrack module
2018-10-12 16:14:51.679 1839-1852/? E/memtrack: Couldn't load memtrack module
2018-10-12 16:14:51.686 1839-1852/? E/memtrack: Couldn't load memtrack module
2018-10-12 16:14:51.697 1839-1852/? E/memtrack: Couldn't load memtrack module
2018-10-12 16:14:51.699 1839-1852/? E/memtrack: Couldn't load memtrack module
2018-10-12 16:14:51.710 1839-1852/? E/memtrack: Couldn't load memtrack module
2018-10-12 16:14:51.714 1839-1852/? E/memtrack: Couldn't load memtrack module
2018-10-12 16:14:51.717 1839-1852/? E/memtrack: Couldn't load memtrack module
2018-10-12 16:14:51.722 1839-1852/? E/memtrack: Couldn't load memtrack module
2018-10-12 16:14:51.727 1839-1852/? E/memtrack: Couldn't load memtrack module
2018-10-12 16:14:51.733 1839-1852/? E/memtrack: Couldn't load memtrack module
2018-10-12 16:14:51.736 1839-1852/? E/memtrack: Couldn't load memtrack module
2018-10-12 16:14:51.738 1839-1852/? E/memtrack: Couldn't load memtrack module
2018-10-12 16:14:51.742 1839-1852/? E/memtrack: Couldn't load memtrack module
2018-10-12 16:14:51.743 1839-1852/? E/memtrack: Couldn't load memtrack module
2018-10-12 16:14:51.746 1839-1852/? E/memtrack: Couldn't load memtrack module
2018-10-12 16:14:51.747 1839-1852/? E/memtrack: Couldn't load memtrack module
2018-10-12 16:14:51.748 1839-1852/? E/memtrack: Couldn't load memtrack module
2018-10-12 16:14:51.759 1839-1852/? E/memtrack: Couldn't load memtrack module
2018-10-12 16:14:51.760 1839-1852/? E/memtrack: Couldn't load memtrack module
2018-10-12 16:14:51.764 1839-1852/? E/memtrack: Couldn't load memtrack module
2018-10-12 16:14:51.772 1839-1852/? E/memtrack: Couldn't load memtrack module
2018-10-12 16:14:51.803 1839-1852/? E/memtrack: Couldn't load memtrack module
2018-10-12 16:14:51.812 1839-1852/? E/memtrack: Couldn't load memtrack module
2018-10-12 16:14:51.820 1839-1852/? E/memtrack: Couldn't load memtrack module
2018-10-12 16:14:51.823 1839-1852/? E/memtrack: Couldn't load memtrack module
2018-10-12 16:14:51.827 1839-1852/? E/memtrack: Couldn't load memtrack module
2018-10-12 16:14:51.830 1839-1852/? E/memtrack: Couldn't load memtrack module
2018-10-12 16:14:51.835 1839-1852/? E/memtrack: Couldn't load memtrack module
2018-10-12 16:14:51.843 1839-1852/? E/memtrack: Couldn't load memtrack module
2018-10-12 16:14:51.846 1839-1852/? E/memtrack: Couldn't load memtrack module
2018-10-12 16:14:51.855 1839-1852/? E/memtrack: Couldn't load memtrack module
2018-10-12 16:14:51.859 1839-1852/? E/memtrack: Couldn't load memtrack module
2018-10-12 16:14:51.861 1839-1852/? E/memtrack: Couldn't load memtrack module
2018-10-12 16:14:51.864 1839-1852/? E/memtrack: Couldn't load memtrack module
2018-10-12 16:14:51.866 1839-1852/? E/memtrack: Couldn't load memtrack module
2018-10-12 16:14:51.877 1839-1852/? E/memtrack: Couldn't load memtrack module
2018-10-12 16:14:51.881 1839-1852/? E/memtrack: Couldn't load memtrack module
2018-10-12 16:14:51.884 1839-1852/? E/memtrack: Couldn't load memtrack module
2018-10-12 16:14:51.887 1839-1852/? E/memtrack: Couldn't load memtrack module
2018-10-12 16:14:51.889 1839-1852/? E/memtrack: Couldn't load memtrack module
2018-10-12 16:14:51.895 1839-1852/? E/memtrack: Couldn't load memtrack module
2018-10-12 16:14:51.899 1839-1852/? E/memtrack: Couldn't load memtrack module
2018-10-12 16:14:51.902 1839-1852/? E/memtrack: Couldn't load memtrack module
2018-10-12 16:14:51.906 1839-1852/? E/memtrack: Couldn't load memtrack module
2018-10-12 16:14:51.908 1839-1852/? E/memtrack: Couldn't load memtrack module
2018-10-12 16:14:51.910 1839-1852/? E/memtrack: Couldn't load memtrack module
2018-10-12 16:14:51.911 1839-1852/? E/memtrack: Couldn't load memtrack module
2018-10-12 16:14:51.913 1839-1852/? E/memtrack: Couldn't load memtrack module
2018-10-12 16:14:51.941 1839-1852/? E/memtrack: Couldn't load memtrack module
2018-10-12 16:14:51.942 1839-1852/? E/memtrack: Couldn't load memtrack module
2018-10-12 16:14:51.943 1839-1852/? E/memtrack: Couldn't load memtrack module
2018-10-13 11:41:23.520 13120-13120/? E/ndroid.calenda: Not starting debugger since process cannot load the jdwp agent.
2018-10-13 11:41:23.533 13125-13125/? E/viders.calenda: Not starting debugger since process cannot load the jdwp agent.
2018-10-13 11:41:24.936 1584-10757/? E/AudioFlinger: not enough memory for AudioTrack size=131296
2018-10-13 11:41:24.938 1584-10757/? E/AudioFlinger: createRecordTrack_l() initCheck failed -12; no control block?
2018-10-13 11:41:24.952 6073-12502/? E/IAudioFlinger: createRecord returned error -12
2018-10-13 11:41:24.952 6073-12502/? E/AudioRecord: AudioFlinger could not create record track, status: -12
2018-10-13 11:41:24.952 6073-12502/? E/AudioRecord-JNI: Error creating AudioRecord instance: initialization check failed with status -12.
2018-10-13 11:41:24.963 6073-12502/? E/android.media.AudioRecord: Error code -20 when initializing native AudioRecord object.
2018-10-13 11:41:24.964 6073-12502/? E/ActivityThread: Failed to find provider info for com.google.android.apps.gsa.testing.ui.audio.recorded
2018-10-13 11:41:25.998 13120-13120/? E/PrefServiceImpl: Primary account is null
2018-10-13 11:41:26.436 13169-13169/? E/droid.deskcloc: Not starting debugger since process cannot load the jdwp agent.
2018-10-13 11:41:30.346 1584-12964/? E/AudioFlinger: not enough memory for AudioTrack size=131296
2018-10-13 11:41:30.346 1584-12964/? E/AudioFlinger: createRecordTrack_l() initCheck failed -12; no control block?
2018-10-13 11:41:30.354 6073-12502/? E/IAudioFlinger: createRecord returned error -12
2018-10-13 11:41:30.354 6073-12502/? E/AudioRecord: AudioFlinger could not create record track, status: -12
2018-10-13 11:41:30.354 6073-12502/? E/AudioRecord-JNI: Error creating AudioRecord instance: initialization check failed with status -12.
2018-10-13 11:41:30.355 6073-12502/? E/android.media.AudioRecord: Error code -20 when initializing native AudioRecord object.
2018-10-13 11:41:30.356 6073-12502/? E/ActivityThread: Failed to find provider info for com.google.android.apps.gsa.testing.ui.audio.recorded
2018-10-13 11:41:35.457 1584-10757/? E/AudioFlinger: not enough memory for AudioTrack size=131296
2018-10-13 11:41:35.458 1584-10757/? E/AudioFlinger: createRecordTrack_l() initCheck failed -12; no control block?
2018-10-13 11:41:35.466 6073-12502/? E/IAudioFlinger: createRecord returned error -12
2018-10-13 11:41:35.466 6073-12502/? E/AudioRecord: AudioFlinger could not create record track, status: -12
2018-10-13 11:41:35.466 6073-12502/? E/AudioRecord-JNI: Error creating AudioRecord instance: initialization check failed with status -12.
2018-10-13 11:41:35.466 6073-12502/? E/android.media.AudioRecord: Error code -20 when initializing native AudioRecord object.
2018-10-13 11:41:40.547 1584-10757/? E/AudioFlinger: not enough memory for AudioTrack size=131296
2018-10-13 11:41:40.547 1584-10757/? E/AudioFlinger: createRecordTrack_l() initCheck failed -12; no control block?
2018-10-13 11:41:40.553 6073-12502/? E/IAudioFlinger: createRecord returned error -12
2018-10-13 11:41:40.553 6073-12502/? E/AudioRecord: AudioFlinger could not create record track, status: -12
2018-10-13 11:41:40.554 6073-12502/? E/AudioRecord-JNI: Error creating AudioRecord instance: initialization check failed with status -12.
2018-10-13 11:41:40.554 6073-12502/? E/android.media.AudioRecord: Error code -20 when initializing native AudioRecord object.
2018-10-13 11:41:41.568 1839-1852/? E/memtrack: Couldn't load memtrack module
2018-10-13 11:41:45.639 1584-10757/? E/AudioFlinger: not enough memory for AudioTrack size=131296
2018-10-13 11:41:45.639 1584-10757/? E/AudioFlinger: createRecordTrack_l() initCheck failed -12; no control block?
2018-10-13 11:41:45.642 6073-12502/? E/IAudioFlinger: createRecord returned error -12
2018-10-13 11:41:45.642 6073-12502/? E/AudioRecord: AudioFlinger could not create record track, status: -12
2018-10-13 11:41:45.643 6073-12502/? E/AudioRecord-JNI: Error creating AudioRecord instance: initialization check failed with status -12.
2018-10-13 11:41:45.643 6073-12502/? E/android.media.AudioRecord: Error code -20 when initializing native AudioRecord object.
2018-10-13 11:41:46.555 1839-1852/? E/memtrack: Couldn't load memtrack module
2018-10-13 11:41:45.645 6073-12502/? E/ActivityThread: Failed to find provider info for com.google.android.apps.gsa.testing.ui.audio.recorded
2018-10-13 11:41:47.149 1839-1852/? E/memtrack: Couldn't load memtrack module
2018-10-13 11:41:50.701 1584-12964/? E/AudioFlinger: not enough memory for AudioTrack size=131296
2018-10-13 11:41:50.701 1584-12964/? E/AudioFlinger: createRecordTrack_l() initCheck failed -12; no control block?
2018-10-13 11:41:50.705 6073-12502/? E/IAudioFlinger: createRecord returned error -12
2018-10-13 11:41:50.705 6073-12502/? E/AudioRecord: AudioFlinger could not create record track, status: -12
2018-10-13 11:41:50.705 6073-12502/? E/AudioRecord-JNI: Error creating AudioRecord instance: initialization check failed with status -12.
2018-10-13 11:41:50.705 6073-12502/? E/android.media.AudioRecord: Error code -20 when initializing native AudioRecord object.
2018-10-13 11:41:50.708 6073-12502/? E/ActivityThread: Failed to find provider info for com.google.android.apps.gsa.testing.ui.audio.recorded
2018-10-13 11:41:53.708 1705-1729/? E/storaged: getDiskStats failed with result NOT_SUPPORTED and size 0
2018-10-13 11:41:55.749 1584-7838/? E/AudioFlinger: not enough memory for AudioTrack size=131296
2018-10-13 11:41:55.751 1584-7838/? E/AudioFlinger: createRecordTrack_l() initCheck failed -12; no control block?
2018-10-13 11:41:55.755 6073-12502/? E/IAudioFlinger: createRecord returned error -12
2018-10-13 11:41:55.755 6073-12502/? E/AudioRecord: AudioFlinger could not create record track, status: -12
2018-10-13 11:41:55.755 6073-12502/? E/AudioRecord-JNI: Error creating AudioRecord instance: initialization check failed with status -12.
2018-10-13 11:41:55.755 6073-12502/? E/android.media.AudioRecord: Error code -20 when initializing native AudioRecord object.
2018-10-13 11:41:55.756 6073-12502/? E/ActivityThread: Failed to find provider info for com.google.android.apps.gsa.testing.ui.audio.recorded
2018-10-13 11:42:00.807 1584-12964/? E/AudioFlinger: not enough memory for AudioTrack size=131296
2018-10-13 11:42:00.807 1584-12964/? E/AudioFlinger: createRecordTrack_l() initCheck failed -12; no control block?
2018-10-13 11:42:00.810 6073-12502/? E/IAudioFlinger: createRecord returned error -12
2018-10-13 11:42:00.810 6073-12502/? E/AudioRecord: AudioFlinger could not create record track, status: -12
2018-10-13 11:42:00.810 6073-12502/? E/AudioRecord-JNI: Error creating AudioRecord instance: initialization check failed with status -12.
2018-10-13 11:42:00.810 6073-12502/? E/android.media.AudioRecord: Error code -20 when initializing native AudioRecord object.
2018-10-13 11:42:05.866 1584-7838/? E/AudioFlinger: not enough memory for AudioTrack size=131296
2018-10-13 11:42:05.867 1584-7838/? E/AudioFlinger: createRecordTrack_l() initCheck failed -12; no control block?
2018-10-13 11:42:05.870 6073-12502/? E/IAudioFlinger: createRecord returned error -12
2018-10-13 11:42:05.870 6073-12502/? E/AudioRecord: AudioFlinger could not create record track, status: -12
2018-10-13 11:42:05.870 6073-12502/? E/AudioRecord-JNI: Error creating AudioRecord instance: initialization check failed with status -12.
2018-10-13 11:42:05.871 6073-12502/? E/android.media.AudioRecord: Error code -20 when initializing native AudioRecord object.
2018-10-13 11:42:05.872 6073-12502/? E/ActivityThread: Failed to find provider info for com.google.android.apps.gsa.testing.ui.audio.recorded
2018-10-13 11:42:06.386 1839-1852/? E/memtrack: Couldn't load memtrack module
2018-10-13 11:42:07.141 1697-1886/? E/installd: Failed to delete /data/app/vmdl2142152576.tmp: No such file or directory
2018-10-13 11:42:07.312 1839-1852/? E/memtrack: Couldn't load memtrack module
2018-10-13 11:42:07.422 1839-1852/? E/memtrack: Couldn't load memtrack module
2018-10-13 11:42:09.503 1839-1839/? E/LoadedApk: Unable to instantiate appComponentFactory
    java.lang.ClassNotFoundException: Didn't find class "android.support.v4.app.CoreComponentFactory" on path: DexPathList[[],nativeLibraryDirectories=[/system/priv-app/GoogleSdkSetup/lib/x86, /system/lib, /system/lib]]
        at dalvik.system.BaseDexClassLoader.findClass(BaseDexClassLoader.java:134)
        at java.lang.ClassLoader.loadClass(ClassLoader.java:379)
        at java.lang.ClassLoader.loadClass(ClassLoader.java:312)
        at android.app.LoadedApk.createAppFactory(LoadedApk.java:226)
        at android.app.LoadedApk.updateApplicationInfo(LoadedApk.java:338)
        at android.app.ActivityThread.handleDispatchPackageBroadcast(ActivityThread.java:5388)
        at android.app.ActivityThread$H.handleMessage(ActivityThread.java:1733)
        at android.os.Handler.dispatchMessage(Handler.java:106)
        at android.os.Looper.loop(Looper.java:193)
        at com.android.server.SystemServer.run(SystemServer.java:454)
        at com.android.server.SystemServer.main(SystemServer.java:294)
        at java.lang.reflect.Method.invoke(Native Method)
        at com.android.internal.os.RuntimeInit$MethodAndArgsCaller.run(RuntimeInit.java:493)
        at com.android.internal.os.ZygoteInit.main(ZygoteInit.java:838)
2018-10-13 11:42:13.732 1839-1955/? E/TaskPersister: File error accessing recents directory (directory doesn't exist?).
2018-10-13 11:42:15.218 1692-1765/? E/SurfaceFlinger: ro.sf.lcd_density must be defined as a build property
2018-10-13 11:42:15.365 1692-1761/? E/SurfaceFlinger: ro.sf.lcd_density must be defined as a build property
2018-10-13 11:42:16.259 6228-9083/? E/NetworkScheduler: Invalid component specified.
2018-10-13 11:42:17.441 13376-13376/? E/e.process.gapp: Not starting debugger since process cannot load the jdwp agent.
2018-10-13 11:42:17.645 6228-7931/? E/NetworkScheduler: Invalid component specified.
2018-10-13 11:42:18.239 6228-11317/? E/NetworkScheduler: Invalid component specified.
2018-10-13 11:42:20.748 1839-1955/? E/TaskPersister: File error accessing recents directory (directory doesn't exist?).
2018-10-13 11:42:23.543 1839-1852/? E/memtrack: Couldn't load memtrack module
2018-10-13 11:42:25.307 13330-13330/com.divyateja.waviour E/SchedPolicy: set_timerslack_ns write failed: Operation not permitted
2018-10-13 11:42:25.559 6228-11317/? E/NetworkScheduler: Invalid component specified.
2018-10-13 11:42:25.709 6228-11317/? E/NetworkScheduler: Invalid component specified.
2018-10-13 11:42:26.305 6228-7931/? E/ctxmgr: [NetworkUtil]No active synchronizable contexts.
2018-10-13 11:42:26.470 1584-7838/? E/AudioFlinger: not enough memory for AudioTrack size=131296
2018-10-13 11:42:26.470 1584-7838/? E/AudioFlinger: createRecordTrack_l() initCheck failed -12; no control block?
2018-10-13 11:42:26.475 6073-13431/? E/IAudioFlinger: createRecord returned error -12
2018-10-13 11:42:26.475 6073-13431/? E/AudioRecord: AudioFlinger could not create record track, status: -12
2018-10-13 11:42:26.479 6073-13431/? E/AudioRecord-JNI: Error creating AudioRecord instance: initialization check failed with status -12.
2018-10-13 11:42:26.479 6073-13431/? E/android.media.AudioRecord: Error code -20 when initializing native AudioRecord object.
2018-10-13 11:42:26.481 6073-13431/? E/ActivityThread: Failed to find provider info for com.google.android.apps.gsa.testing.ui.audio.recorded
2018-10-13 11:42:26.520 1839-1852/? E/memtrack: Couldn't load memtrack module
2018-10-13 11:42:26.535 6228-6351/? E/PlaceInferenceEngine: Position timestamp out of order. Previous: 1539142826000, Current: 1539132073000. Skipping this Position.
2018-10-13 11:42:27.144 6228-6228/? E/BeaconBle: Missing BluetoothAdapter
2018-10-13 11:42:27.180 6228-6351/? E/PlaceInferenceEngine: Position timestamp out of order. Previous: 1539132073000, Current: 1539132073000. Skipping this Position.
2018-10-13 11:42:27.269 6228-6228/? E/BeaconBle: Scan couldn't start for Places
2018-10-13 11:42:28.549 1839-1955/? E/TaskPersister: File error accessing recents directory (directory doesn't exist?).
2018-10-13 11:42:33.452 1692-2205/? E/SurfaceFlinger: ro.sf.lcd_density must be defined as a build property
2018-10-13 11:42:33.544 1692-2205/? E/SurfaceFlinger: ro.sf.lcd_density must be defined as a build property
2018-10-13 11:42:34.038 6228-11317/? E/NetworkScheduler: Invalid component specified.
2018-10-13 11:42:35.112 6228-9083/? E/NetworkScheduler: Invalid component specified.
2018-10-13 11:42:35.629 6228-11317/? E/NetworkScheduler: Invalid component specified.
2018-10-13 11:42:35.655 13451-13451/com.divyateja.waviour E/SchedPolicy: set_timerslack_ns write failed: Operation not permitted
2018-10-13 11:42:35.924 6228-9083/? E/NetworkScheduler: Invalid component specified.
2018-10-13 11:42:36.178 1839-1955/? E/TaskPersister: File error accessing recents directory (directory doesn't exist?).
2018-10-13 11:42:42.031 1839-1852/? E/memtrack: Couldn't load memtrack module
2018-10-13 11:42:44.503 6228-9083/? E/NetworkScheduler: Invalid component specified.
2018-10-13 11:42:53.363 1839-1852/? E/memtrack: Couldn't load memtrack module
2018-10-13 11:42:53.712 1705-1729/? E/storaged: getDiskStats failed with result NOT_SUPPORTED and size 0
2018-10-13 11:42:59.714 6228-13440/? E/NetworkScheduler: Invalid component specified.
2018-10-13 11:42:59.863 6228-13440/? E/NetworkScheduler: Invalid component specified.
2018-10-13 11:43:16.204 1839-1852/? E/memtrack: Couldn't load memtrack module
2018-10-13 11:43:36.358 1839-1852/? E/memtrack: Couldn't load memtrack module
2018-10-13 11:43:47.504 6228-9942/? E/WakeLock: GCM_HB_ALARM release without a matched acquire!
2018-10-13 11:43:47.507 6228-9953/? E/WakeLock: GCM_HB_ALARM release without a matched acquire!
2018-10-13 11:43:47.634 6228-11317/? E/NetworkScheduler: Invalid component specified.
2018-10-13 11:43:47.788 6228-13561/? E/WakeLock: GCM_CONN_ALARM release without a matched acquire!
2018-10-13 11:43:53.714 1705-1729/? E/storaged: getDiskStats failed with result NOT_SUPPORTED and size 0
2018-10-13 11:43:57.540 1839-1852/? E/memtrack: Couldn't load memtrack module
